2024-11-28 16:10:55 [36mINFO: [39m @vladmandic/human version 3.3.6 
2024-11-28 16:10:55 [36mINFO: [39m User: anaelshomrai Platform: darwin Arch: arm64 Node: v20.4.0 
2024-11-28 16:10:55 [36mINFO: [39m demos: [{"cmd":"../demo/nodejs/node.js","args":[]},{"cmd":"../demo/nodejs/node-simple.js","args":[]},{"cmd":"../demo/nodejs/node-event.js","args":["samples/in/ai-body.jpg"]},{"cmd":"../demo/nodejs/node-similarity.js","args":["samples/in/ai-face.jpg","samples/in/ai-upper.jpg"]},{"cmd":"../demo/nodejs/node-canvas.js","args":["samples/in/ai-body.jpg","samples/out/ai-body.jpg"]},{"cmd":"../demo/nodejs/process-folder.js","args":["samples"]},{"cmd":"../demo/multithread/node-multiprocess.js","args":[]},{"cmd":"../demo/facematch/node-match.js","args":[]},{"cmd":"../demo/nodejs/node-bench.js","args":[]},{"cmd":"../test/test-node-emotion.js","args":[]}] 
2024-11-28 16:10:55 [36mINFO: [39m {"cmd":"../demo/nodejs/node.js","args":[]} start 
2024-11-28 16:10:55 [36mINFO: [39m {"cmd":"../demo/nodejs/node-simple.js","args":[]} start 
2024-11-28 16:10:56 [36mINFO: [39m {"cmd":"../demo/nodejs/node-event.js","args":["samples/in/ai-body.jpg"]} start 
2024-11-28 16:10:57 [36mINFO: [39m {"cmd":"../demo/nodejs/node-similarity.js","args":["samples/in/ai-face.jpg","samples/in/ai-upper.jpg"]} start 
2024-11-28 16:10:57 [36mINFO: [39m {"cmd":"../demo/nodejs/node-canvas.js","args":["samples/in/ai-body.jpg","samples/out/ai-body.jpg"]} start 
2024-11-28 16:11:02 [36mINFO: [39m {"cmd":"../demo/nodejs/process-folder.js","args":["samples"]} start 
2024-11-28 16:11:09 [36mINFO: [39m {"cmd":"../demo/multithread/node-multiprocess.js","args":[]} start 
